
--------------------------------------------------------------------------------
Start: 14-des-2015 14:03:34
Component Name: Export to Shape File
Input Name: Queries.Carril bici
Information: 183 feature(s) successfully exported.
End: 14-des-2015 14:03:38
--------------------------------------------------------------------------------

--------------------------------------------------------------------------------
Start: 14-des-2015 14:03:38
Component Name: Export to Shape File
Input Name: Queries.Carril bici d'altres municipis
Information: 23 feature(s) successfully exported.
End: 14-des-2015 14:03:39
--------------------------------------------------------------------------------

--------------------------------------------------------------------------------
Start: 14-des-2015 14:03:39
Component Name: Export to Shape File
Input Name: Queries.Carril bici en construcció
Information: 14 feature(s) successfully exported.
End: 14-des-2015 14:03:39
--------------------------------------------------------------------------------

--------------------------------------------------------------------------------
Start: 14-des-2015 14:03:39
Component Name: Export to Shape File
Input Name: Queries.Ronda verda
Information: 9 feature(s) successfully exported.
End: 14-des-2015 14:03:39
--------------------------------------------------------------------------------

--------------------------------------------------------------------------------
Start: 14-des-2015 14:03:40
Component Name: Export to Shape File
Input Name: Queries.Vies ciclables
Information: 718 feature(s) successfully exported.
End: 14-des-2015 14:03:55
--------------------------------------------------------------------------------

--------------------------------------------------------------------------------
Start: 14-des-2015 14:03:55
Component Name: Export to Shape File
Input Name: Queries.Zones 30 carrers
Information: 5366 feature(s) successfully exported.
End: 14-des-2015 14:06:25
--------------------------------------------------------------------------------

--------------------------------------------------------------------------------
Start: 14-des-2015 14:06:25
Component Name: Export to Shape File
Input Name: Queries.Zones 30 poligons
Information: 76 feature(s) successfully exported.
End: 14-des-2015 14:06:27
--------------------------------------------------------------------------------
